2026-07-06 13:39:18,422 - INFO - Starting migration
2026-07-06 13:39:20,383 - INFO - Fetched source issue 10071 (TEST-4): summary='test' description='' issueType='Sub-task' status='To Do' parent='TEST-2' comments=0 attachments=0 linked_issues=0
2026-07-06 13:39:20,384 - INFO - Fetched source issue 10051 (TEST-3): summary='new' description='' issueType='Sub-task' status='To Do' parent='TEST-1' comments=0 attachments=0 linked_issues=0
2026-07-06 13:39:20,385 - INFO - Fetched source issue 10038 (TEST-2): summary='Summary test' description='Hi \n ' issueType='Story' status='To Do' parent=None comments=1 attachments=1 linked_issues=1
2026-07-06 13:39:20,387 - INFO - Fetched source issue 10037 (TEST-1): summary='test1 ' description='' issueType='Story' status='To Do' parent=None comments=2 attachments=1 linked_issues=18
2026-07-06 13:39:20,397 - INFO - Wrote 4 source issues to D:\Workspace\springboot\projects\jira\source\issues.json
2026-07-06 13:39:20,398 - INFO - Wrote 0 target issues to D:\Workspace\springboot\projects\jira\target\issues.json
2026-07-06 13:39:20,399 - INFO - Loaded 4 issues from source
2026-07-06 13:39:21,062 - WARNING - Project creation skipped: Jira request failed (400): {"errorMessages":[],"errors":{"projectName":"A project with that name already exists.","projectKey":"Project 'Migration Test' uses this project key."}}
2026-07-06 13:39:21,063 - INFO - Created project 'Migration Test'
2026-07-06 13:39:25,047 - INFO - Migrated issue 10038
2026-07-06 13:39:26,276 - WARNING - Sub-task issue 'test' was rejected by Jira; creating it as a task and linking to the parent instead: Jira request failed (400): {"errorMessages":[],"errors":{"issuetype":"Specify a valid issue type"}}
2026-07-06 13:39:27,710 - INFO - Migrated issue 10071
2026-07-06 13:39:49,988 - INFO - Migrated issue 10037
2026-07-06 13:39:51,365 - WARNING - Sub-task issue 'new' was rejected by Jira; creating it as a task and linking to the parent instead: Jira request failed (400): {"errorMessages":[],"errors":{"issuetype":"Specify a valid issue type"}}
2026-07-06 13:39:52,490 - INFO - Migrated issue 10051
2026-07-06 13:39:52,499 - INFO - Wrote 4 source issues to D:\Workspace\springboot\projects\jira\source\issues.json
2026-07-06 13:39:52,500 - INFO - Wrote 4 target issues to D:\Workspace\springboot\projects\jira\target\issues.json
2026-07-06 13:39:52,502 - INFO - Migration completed. 4 issues migrated
2026-07-06 13:44:21,249 - INFO - Starting migration
2026-07-06 13:44:23,494 - INFO - Fetched source issue 10071 (TEST-4): summary='test' description='' issueType='Sub-task' status='To Do' parent='TEST-2' comments=0 attachments=0 linked_issues=0
2026-07-06 13:44:23,495 - INFO - Fetched source issue 10051 (TEST-3): summary='new' description='' issueType='Sub-task' status='To Do' parent='TEST-1' comments=0 attachments=0 linked_issues=0
2026-07-06 13:44:23,495 - INFO - Fetched source issue 10038 (TEST-2): summary='Summary test' description='Hi \n ' issueType='Story' status='To Do' parent=None comments=1 attachments=1 linked_issues=1
2026-07-06 13:44:23,496 - INFO - Fetched source issue 10037 (TEST-1): summary='test1 ' description='' issueType='Story' status='To Do' parent=None comments=2 attachments=1 linked_issues=19
2026-07-06 13:44:23,508 - INFO - Wrote 4 source issues to D:\Workspace\springboot\projects\jira\source\issues.json
2026-07-06 13:44:23,509 - INFO - Wrote 0 target issues to D:\Workspace\springboot\projects\jira\target\issues.json
2026-07-06 13:44:23,509 - INFO - Loaded 4 issues from source
2026-07-06 13:44:24,165 - WARNING - Project creation skipped: Jira request failed (400): {"errorMessages":[],"errors":{"projectName":"A project with that name already exists.","projectKey":"Project 'Migration Test' uses this project key."}}
2026-07-06 13:44:24,166 - INFO - Created project 'Migration Test'
2026-07-06 13:44:28,351 - INFO - Migrated issue 10038
2026-07-06 13:44:29,691 - WARNING - Sub-task issue 'test' was rejected by Jira; creating it as a task and linking to the parent instead: Jira request failed (400): {"errorMessages":[],"errors":{"issuetype":"Specify a valid issue type"}}
2026-07-06 13:44:31,023 - INFO - Migrated issue 10071
2026-07-06 13:44:54,677 - INFO - Migrated issue 10037
2026-07-06 13:44:56,214 - WARNING - Sub-task issue 'new' was rejected by Jira; creating it as a task and linking to the parent instead: Jira request failed (400): {"errorMessages":[],"errors":{"issuetype":"Specify a valid issue type"}}
2026-07-06 13:44:57,241 - INFO - Migrated issue 10051
2026-07-06 13:44:57,250 - INFO - Wrote 4 source issues to D:\Workspace\springboot\projects\jira\source\issues.json
2026-07-06 13:44:57,251 - INFO - Wrote 4 target issues to D:\Workspace\springboot\projects\jira\target\issues.json
2026-07-06 13:44:57,255 - INFO - Migration completed. 4 issues migrated
2026-07-18 14:20:27,869 - INFO - Deferring subtask 10051 until parent exists
2026-07-18 14:20:27,872 - WARNING - Issue type 'Story' rejected, retrying with 'Task': invalid issue type
2026-07-18 14:20:27,887 - DEBUG - Setting project lead to: account-456
2026-07-18 14:20:27,887 - DEBUG - Project creation payload: {'key': 'TARGET', 'name': 'Target Project', 'description': 'Target description', 'projectTypeKey': 'software', 'leadAccountId': 'account-456'}
2026-07-18 14:20:27,890 - DEBUG - Setting project lead to: account-123
2026-07-18 14:20:27,890 - DEBUG - Project creation payload: {'key': 'TARGET', 'name': 'Target Project', 'description': 'Target description', 'projectTypeKey': 'software', 'leadAccountId': 'account-123'}
2026-07-18 14:20:27,897 - INFO - Fetching issues with JQL query: project="ABC"
2026-07-18 14:20:27,898 - DEBUG - Search request path: /search?jql=project%3D%22ABC%22&maxResults=100&fields=summary%2Cdescription%2Cissuetype%2Cstatus%2Cparent%2Ccomment%2Cattachment%2Cissuelinks
2026-07-18 14:20:27,899 - DEBUG - Fetching search page at startAt=0
2026-07-18 14:20:27,899 - DEBUG - Search response: total=None, issues_count=1, maxResults=None, startAt=None
2026-07-18 14:20:27,900 - WARNING - Search returned 0 total issues. Full response: {'issues': [{'id': '10037', 'key': 'ABC-1', 'fields': {'summary': 'Added summary', 'description': {'content': [{'content': [{'text': 'Detail'}]}]}, 'issuetype': {'name': 'Task'}, 'status': {'name': 'Open'}, 'parent': {'key': 'ABC-0'}, 'comment': {'comments': []}, 'attachment': [{'id': 'att-1', 'filename': 'file.txt', 'content': 'abc'}], 'issuelinks': [{'type': {'name': 'Relates'}, 'outwardIssue': {'key': 'ABC-2'}}]}, 'changelog': {'histories': [{'created': '2024-01-01', 'items': [{'field': 'status', 'fromString': 'Open', 'toString': 'Done'}]}]}}]}
2026-07-18 14:20:27,900 - INFO - Fetched source issue 10037 (ABC-1): summary='Added summary' description='Detail' issueType='Task' status='Open' parent='ABC-0'
2026-07-18 14:20:27,904 - INFO - Fetching issues with JQL query: project="ABC"
2026-07-18 14:20:27,904 - DEBUG - Search request path: /search?jql=project%3D%22ABC%22&maxResults=100&fields=summary%2Cdescription%2Cissuetype%2Cstatus%2Cparent%2Ccomment%2Cattachment%2Cissuelinks
2026-07-18 14:20:27,905 - DEBUG - Fetching search page at startAt=0
2026-07-18 14:20:27,905 - DEBUG - Search response: total=None, issues_count=1, maxResults=None, startAt=None
2026-07-18 14:20:27,906 - WARNING - Search returned 0 total issues. Full response: {'issues': [{'id': '10037', 'key': 'ABC-1', 'fields': {'summary': 'Added summary', 'description': {'content': [{'content': [{'text': 'Detail'}]}]}, 'issuetype': {'name': 'Task'}, 'status': {'name': 'Open'}, 'comment': {'comments': [{'id': 'c-1', 'body': {'type': 'doc', 'version': 1, 'content': [{'type': 'paragraph', 'content': [{'type': 'text', 'text': 'Hello'}]}]}, 'created': '2024-01-02T03:04:05.000Z', 'updated': '2024-01-02T03:05:06.000Z'}]}}}]}
2026-07-18 14:20:27,906 - INFO - Fetched source issue 10037 (ABC-1): summary='Added summary' description='Detail' issueType='Task' status='Open' parent=None
2026-07-18 14:20:27,934 - INFO - Fetching issues with JQL query: issuekey in ("CSTEST-721","CSTEST-720")
2026-07-18 14:20:27,935 - INFO - Fetched source issue 10037 (CSTEST-721): summary='Test 1' description='' issueType='Task' status='Open' parent=None
2026-07-18 14:20:27,935 - INFO - Fetched source issue 10038 (CSTEST-720): summary='Test 2' description='' issueType='Task' status='Open' parent=None
2026-07-18 14:20:27,939 - DEBUG - Search request path: /search?jql=project%3D%22ABC%22&maxResults=100&fields=summary%2Cdescription%2Cissuetype%2Cstatus%2Cparent%2Ccomment%2Cattachment%2Cissuelinks
2026-07-18 14:20:27,940 - DEBUG - Fetching search page at startAt=0
2026-07-18 14:20:27,940 - DEBUG - Search response: total=None, issues_count=1, maxResults=None, startAt=None
2026-07-18 14:20:27,940 - WARNING - Search returned 0 total issues. Full response: {'issues': [{'id': '10037', 'key': 'ABC-1', 'fields': {'summary': 'Added summary', 'description': {'content': [{'content': [{'text': 'Detail'}]}]}, 'issuetype': {'name': 'Task'}, 'status': {'name': 'Open'}, 'parent': {'key': 'ABC-0'}}}]}
2026-07-18 14:20:27,943 - INFO - Fetching issues with JQL query: project="ABC"
2026-07-18 14:20:27,943 - DEBUG - Search request path: /search?jql=project%3D%22ABC%22&maxResults=100&fields=summary%2Cdescription%2Cissuetype%2Cstatus%2Cparent%2Ccomment%2Cattachment%2Cissuelinks
2026-07-18 14:20:27,943 - DEBUG - Fetching search page at startAt=0
2026-07-18 14:20:27,944 - DEBUG - Search response: total=250, issues_count=1, maxResults=100, startAt=0
2026-07-18 14:20:27,944 - DEBUG - Fetching search page at startAt=100
2026-07-18 14:20:27,944 - DEBUG - Search response: total=250, issues_count=1, maxResults=100, startAt=100
2026-07-18 14:20:27,945 - DEBUG - Fetching search page at startAt=200
2026-07-18 14:20:27,945 - DEBUG - Search response: total=250, issues_count=1, maxResults=100, startAt=200
2026-07-18 14:20:27,946 - DEBUG - Fetching search page at startAt=300
2026-07-18 14:20:27,946 - DEBUG - Search response: total=250, issues_count=0, maxResults=100, startAt=300
2026-07-18 14:20:27,946 - WARNING - Search returned 0 issues but total=250. Full response: {'total': 250, 'startAt': 300, 'maxResults': 100, 'issues': []}
2026-07-18 14:20:27,947 - INFO - Fetched source issue None (ABC-1): summary='One' description='' issueType='Task' status='Open' parent=None
2026-07-18 14:20:27,948 - INFO - Fetched source issue None (ABC-2): summary='Two' description='' issueType='Task' status='Open' parent=None
2026-07-18 14:20:27,948 - INFO - Fetched source issue None (ABC-3): summary='Three' description='' issueType='Task' status='Open' parent=None
2026-07-18 14:20:27,952 - INFO - Fetching issues with JQL query: project="ABC"
2026-07-18 14:20:27,952 - DEBUG - Search request path: /search?jql=project%3D%22ABC%22&maxResults=100&fields=summary%2Cdescription%2Cissuetype%2Cstatus%2Cparent%2Ccomment%2Cattachment%2Cissuelinks
2026-07-18 14:20:27,953 - DEBUG - Fetching search page at startAt=0
2026-07-18 14:20:27,953 - DEBUG - Search response: total=None, issues_count=0, maxResults=None, startAt=None
2026-07-18 14:20:27,954 - WARNING - Search returned 0 total issues. Full response: {'issues': []}
2026-07-18 14:20:27,960 - INFO - Fetching issues with JQL query: project="ABC"
2026-07-18 14:20:27,960 - DEBUG - Search request path: /search?jql=project%3D%22ABC%22&maxResults=100&fields=summary%2Cdescription%2Cissuetype%2Cstatus%2Cparent%2Ccomment%2Cattachment%2Cissuelinks
2026-07-18 14:20:27,961 - DEBUG - Fetching search page at startAt=0
2026-07-18 14:20:27,961 - DEBUG - Search response: total=None, issues_count=0, maxResults=None, startAt=None
2026-07-18 14:20:27,961 - WARNING - Search returned 0 total issues. Full response: {'issues': []}
2026-07-18 14:20:27,968 - DEBUG - Making POST request to https://example.atlassian.net/rest/api/2/issue/123/attachments
